// Jest Snapshot v1, https://goo.gl/fbAQLP

exports[`Card renders correctly 1`] = `
<div
  className="sc-bdVaJa lkbHYS"
  title="Go to Example title"
>
  <div
    className="sc-bwzfXH cnZkTe"
    style={
      Object {
        "boxShadow": "0 8px
  10px 0 rgba(100, 100, 100, 0.5)",
      }
    }
  >
    <div
      className="sc-ifAKCX cSdcSg"
    >
      <div />
    </div>
  </div>
  <div
    className="sc-htpNat fMqypX"
  >
    Example title
    <div
      className="sc-bxivhb bTdUOM"
    >
      Example Description
    </div>
  </div>
</div>
`;
