// Jest Snapshot v1, https://goo.gl/fbAQLP

exports[`Card renders correctly 1`] = `
<div
  className="sc-bdVaJa czbCeA"
>
  <div
    className="sc-bwzfXH kcGEsV"
  >
    <div
      className="sc-htpNat iFyQZg"
    >
      <h3>
        Example title
      </h3>
      <p>
        Example Description
      </p>
    </div>
    <div
      className="sc-bxivhb khxFsg"
    >
      <div />
    </div>
  </div>
</div>
`;
